saile@LAPTOP-OMF15UU0 MINGW64 ~/katas/git-katas (master)
$ cd basic-commits

saile@LAPTOP-OMF15UU0 MINGW64 ~/katas/git-katas/basic-commits (master)
$ source setup.sh
Initialized empty Git repository in C:/Users/saile/katas/git-katas/basic-commits/exercise/.git/

saile@LAPTOP-OMF15UU0 MINGW64 ~/katas/git-katas/basic-commits/exercise (master)
$ git status
On branch master

No commits yet

nothing to commit (create/copy files and use "git add" to track)

saile@LAPTOP-OMF15UU0 MINGW64 ~/katas/git-katas/basic-commits/exercise (master)
$ git log
fatal: your current branch 'master' does not have any commits yet

saile@LAPTOP-OMF15UU0 MINGW64 ~/katas/git-katas/basic-commits/exercise (master)
$ touch file1.text

saile@LAPTOP-OMF15UU0 MINGW64 ~/katas/git-katas/basic-commits/exercise (master)
$ git status
On branch master

No commits yet

Untracked files:
  (use "git add <file>..." to include in what will be committed)
        file1.text

nothing added to commit but untracked files present (use "git add" to track)

saile@LAPTOP-OMF15UU0 MINGW64 ~/katas/git-katas/basic-commits/exercise (master)
$ git add file1.txt
fatal: pathspec 'file1.txt' did not match any files

saile@LAPTOP-OMF15UU0 MINGW64 ~/katas/git-katas/basic-commits/exercise (master)
$ git rm -f file.text
fatal: pathspec 'file.text' did not match any files

saile@LAPTOP-OMF15UU0 MINGW64 ~/katas/git-katas/basic-commits/exercise (master)
$ git rm -f file1.text
fatal: pathspec 'file1.text' did not match any files

saile@LAPTOP-OMF15UU0 MINGW64 ~/katas/git-katas/basic-commits/exercise (master)
$ touch file1.txt

saile@LAPTOP-OMF15UU0 MINGW64 ~/katas/git-katas/basic-commits/exercise (master)
$ git status
On branch master

No commits yet

Untracked files:
  (use "git add <file>..." to include in what will be committed)
        file1.text
        file1.txt

nothing added to commit but untracked files present (use "git add" to track)

saile@LAPTOP-OMF15UU0 MINGW64 ~/katas/git-katas/basic-commits/exercise (master)
$ git add -A

saile@LAPTOP-OMF15UU0 MINGW64 ~/katas/git-katas/basic-commits/exercise (master)
$ git status
On branch master

No commits yet

Changes to be committed:
  (use "git rm --cached <file>..." to unstage)
        new file:   file1.text
        new file:   file1.txt


saile@LAPTOP-OMF15UU0 MINGW64 ~/katas/git-katas/basic-commits/exercise (master)
$ git commit -m "this is committed"
[master (root-commit) 7f20035] this is committed
 2 files changed, 0 insertions(+), 0 deletions(-)
 create mode 100644 file1.text
 create mode 100644 file1.txt

saile@LAPTOP-OMF15UU0 MINGW64 ~/katas/git-katas/basic-commits/exercise (master)
$ git status
On branch master
nothing to commit, working tree clean

saile@LAPTOP-OMF15UU0 MINGW64 ~/katas/git-katas/basic-commits/exercise (master)
$ echo "shaily">file.txt

saile@LAPTOP-OMF15UU0 MINGW64 ~/katas/git-katas/basic-commits/exercise (master)
$ cat file.txt
shaily

saile@LAPTOP-OMF15UU0 MINGW64 ~/katas/git-katas/basic-commits/exercise (master)
$ git status
On branch master
Untracked files:
  (use "git add <file>..." to include in what will be committed)
        file.txt

nothing added to commit but untracked files present (use "git add" to track)

saile@LAPTOP-OMF15UU0 MINGW64 ~/katas/git-katas/basic-commits/exercise (master)
$ git add file.txt
warning: in the working copy of 'file.txt', LF will be replaced by CRLF the next time Git touches it

saile@LAPTOP-OMF15UU0 MINGW64 ~/katas/git-katas/basic-commits/exercise (master)
$ git status
On branch master
Changes to be committed:
  (use "git restore --staged <file>..." to unstage)
        new file:   file.txt


saile@LAPTOP-OMF15UU0 MINGW64 ~/katas/git-katas/basic-commits/exercise (master)
$ echo "shailendra">>file.txt

saile@LAPTOP-OMF15UU0 MINGW64 ~/katas/git-katas/basic-commits/exercise (master)
$ git commit
[master a21e45e] committed
 1 file changed, 1 insertion(+)
 create mode 100644 file.txt

saile@LAPTOP-OMF15UU0 MINGW64 ~/katas/git-katas/basic-commits/exercise (master)
$ git status
On branch master
Changes not staged for commit:
  (use "git add <file>..." to update what will be committed)
  (use "git restore <file>..." to discard changes in working directory)
        modified:   file.txt

no changes added to commit (use "git add" and/or "git commit -a")

saile@LAPTOP-OMF15UU0 MINGW64 ~/katas/git-katas/basic-commits/exercise (master)
$ git log
commit a21e45e71b6c3c50e14c0e82f107b99a89ca8318 (HEAD -> master)
Author: Shaily <shailendra.sainath@zemosolabs.com>
Date:   Thu Nov 10 10:25:56 2022 +0530

    committed

commit 7f20035fadafff82bad52f4e53c4d63ad8cdd1b6
Author: Shaily <shailendra.sainath@zemosolabs.com>
Date:   Thu Nov 10 10:22:19 2022 +0530

    this is committed

saile@LAPTOP-OMF15UU0 MINGW64 ~/katas/git-katas/basic-commits/exercise (master)
$ git add file.txt
warning: in the working copy of 'file.txt', LF will be replaced by CRLF the next time Git touches it

saile@LAPTOP-OMF15UU0 MINGW64 ~/katas/git-katas/basic-commits/exercise (master)
$
