saile@LAPTOP-OMF15UU0 MINGW64 ~/katas/git-katas (master)
$ cd basic-commits

saile@LAPTOP-OMF15UU0 MINGW64 ~/katas/git-katas/basic-commits (master)
$ source setup.sh
Initialized empty Git repository in C:/Users/saile/katas/git-katas/basic-commits/exercise/.git/

saile@LAPTOP-OMF15UU0 MINGW64 ~/katas/git-katas/basic-commits/exercise (master)
$ git status
On branch master

No commits yet

nothing to commit (create/copy files and use "git add" to track)

saile@LAPTOP-OMF15UU0 MINGW64 ~/katas/git-katas/basic-commits/exercise (master)
$ git log
fatal: your current branch 'master' does not have any commits yet

saile@LAPTOP-OMF15UU0 MINGW64 ~/katas/git-katas/basic-commits/exercise (master)
$ touch file1.text

saile@LAPTOP-OMF15UU0 MINGW64 ~/katas/git-katas/basic-commits/exercise (master)
$ git status
On branch master

No commits yet

Untracked files:
  (use "git add <file>..." to include in what will be committed)
        file1.text

nothing added to commit but untracked files present (use "git add" to track)

saile@LAPTOP-OMF15UU0 MINGW64 ~/katas/git-katas/basic-commits/exercise (master)
$ git add file1.txt
fatal: pathspec 'file1.txt' did not match any files

saile@LAPTOP-OMF15UU0 MINGW64 ~/katas/git-katas/basic-commits/exercise (master)
$ git rm -f file.text
fatal: pathspec 'file.text' did not match any files

saile@LAPTOP-OMF15UU0 MINGW64 ~/katas/git-katas/basic-commits/exercise (master)
$ git rm -f file1.text
fatal: pathspec 'file1.text' did not match any files

saile@LAPTOP-OMF15UU0 MINGW64 ~/katas/git-katas/basic-commits/exercise (master)
$ touch file1.txt

saile@LAPTOP-OMF15UU0 MINGW64 ~/katas/git-katas/basic-commits/exercise (master)
$ git status
On branch master

No commits yet

Untracked files:
  (use "git add <file>..." to include in what will be committed)
        file1.text
        file1.txt

nothing added to commit but untracked files present (use "git add" to track)

saile@LAPTOP-OMF15UU0 MINGW64 ~/katas/git-katas/basic-commits/exercise (master)
$ git add -A

saile@LAPTOP-OMF15UU0 MINGW64 ~/katas/git-katas/basic-commits/exercise (master)
$ git status
On branch master

No commits yet

Changes to be committed:
  (use "git rm --cached <file>..." to unstage)
        new file:   file1.text
        new file:   file1.txt


saile@LAPTOP-OMF15UU0 MINGW64 ~/katas/git-katas/basic-commits/exercise (master)
$ git commit -m "this is committed"
[master (root-commit) 7f20035] this is committed
 2 files changed, 0 insertions(+), 0 deletions(-)
 create mode 100644 file1.text
 create mode 100644 file1.txt

saile@LAPTOP-OMF15UU0 MINGW64 ~/katas/git-katas/basic-commits/exercise (master)
$ git status
On branch master
nothing to commit, working tree clean

saile@LAPTOP-OMF15UU0 MINGW64 ~/katas/git-katas/basic-commits/exercise (master)
$ echo "shaily">file.txt

saile@LAPTOP-OMF15UU0 MINGW64 ~/katas/git-katas/basic-commits/exercise (master)
$ cat file.txt
shaily

saile@LAPTOP-OMF15UU0 MINGW64 ~/katas/git-katas/basic-commits/exercise (master)
$ git status
On branch master
Untracked files:
  (use "git add <file>..." to include in what will be committed)
        file.txt

nothing added to commit but untracked files present (use "git add" to track)

saile@LAPTOP-OMF15UU0 MINGW64 ~/katas/git-katas/basic-commits/exercise (master)
$ git add file.txt
warning: in the working copy of 'file.txt', LF will be replaced by CRLF the next time Git touches it

saile@LAPTOP-OMF15UU0 MINGW64 ~/katas/git-katas/basic-commits/exercise (master)
$ git status
On branch master
Changes to be committed:
  (use "git restore --staged <file>..." to unstage)
        new file:   file.txt


saile@LAPTOP-OMF15UU0 MINGW64 ~/katas/git-katas/basic-commits/exercise (master)
$ echo "shailendra">>file.txt

saile@LAPTOP-OMF15UU0 MINGW64 ~/katas/git-katas/basic-commits/exercise (master)
$ git commit
[master a21e45e] committed
 1 file changed, 1 insertion(+)
 create mode 100644 file.txt

saile@LAPTOP-OMF15UU0 MINGW64 ~/katas/git-katas/basic-commits/exercise (master)
$ git status
On branch master
Changes not staged for commit:
  (use "git add <file>..." to update what will be committed)
  (use "git restore <file>..." to discard changes in working directory)
        modified:   file.txt

no changes added to commit (use "git add" and/or "git commit -a")

saile@LAPTOP-OMF15UU0 MINGW64 ~/katas/git-katas/basic-commits/exercise (master)
$ git log
commit a21e45e71b6c3c50e14c0e82f107b99a89ca8318 (HEAD -> master)
Author: Shaily <shailendra.sainath@zemosolabs.com>
Date:   Thu Nov 10 10:25:56 2022 +0530

    committed

commit 7f20035fadafff82bad52f4e53c4d63ad8cdd1b6
Author: Shaily <shailendra.sainath@zemosolabs.com>
Date:   Thu Nov 10 10:22:19 2022 +0530

    this is committed

saile@LAPTOP-OMF15UU0 MINGW64 ~/katas/git-katas/basic-commits/exercise (master)
$ git add file.txt
warning: in the working copy of 'file.txt', LF will be replaced by CRLF the next time Git touches it

saile@LAPTOP-OMF15UU0 MINGW64 ~/katas/git-katas/basic-commits/exercise (master)
$ ^C

saile@LAPTOP-OMF15UU0 MINGW64 ~/katas/git-katas/basic-commits/exercise (master)
$ cd

saile@LAPTOP-OMF15UU0 MINGW64 ~
$ cd katas

saile@LAPTOP-OMF15UU0 MINGW64 ~/katas
$ ls
git-katas/

saile@LAPTOP-OMF15UU0 MINGW64 ~/katas
$ cd git-katas

saile@LAPTOP-OMF15UU0 MINGW64 ~/katas/git-katas (master)
$ ls
3-way-merge/                  ignore/
LICENSE.txt                   images/
Overview.md                   investigation/
README.md                     lfs/
SHELL-BASICS.md               master-based-workflow/
advanced-rebase-interactive/  merge-conflict/
alias/                        merge-driver/
amend/                        merge-mergesort/
bad-commit/                   objects/
basic-branching/              pre-push/
basic-cherry-pick/            rebase-branch/
basic-cleaning/               rebase-exec/
basic-commits/                rebase-interactive-autosquash/
basic-revert/                 reorder-the-history/
basic-staging/                reset/
basic-stashing/               restore/
bisect/                       reverted-merge/
change-author/                save-my-commit/
commit-on-wrong-branch/       squashing/
commit-on-wrong-branch-2/     submodules/
configure-git/                subtree/
detached-head/                test-all.sh*
docs/                         test.ps1
ff-merge/                     test.sh*
git-attributes/               testzsh.sh*
git-tag/                      utils/

saile@LAPTOP-OMF15UU0 MINGW64 ~/katas/git-katas (master)
$ cd basic-staging

saile@LAPTOP-OMF15UU0 MINGW64 ~/katas/git-katas/basic-staging (master)
$ source setup.sh
Initialized empty Git repository in C:/Users/saile/katas/git-katas/basic-staging/exercise/.git/
Successfully configured local username and email
Successfully disable local GPG signing
warning: in the working copy of 'file.txt', LF will be replaced by CRLF the next time Git touches it
[master (root-commit) 2477eb6] 1
 1 file changed, 1 insertion(+)
 create mode 100644 file.txt
Successfully unset local username and email
Successfully unset local GPG signing

saile@LAPTOP-OMF15UU0 MINGW64 ~/katas/git-katas/basic-staging/exercise (master)
$ cat file.txt
1

saile@LAPTOP-OMF15UU0 MINGW64 ~/katas/git-katas/basic-staging/exercise (master)
$ echo 1>file.txt

saile@LAPTOP-OMF15UU0 MINGW64 ~/katas/git-katas/basic-staging/exercise (master)
$ git diff
warning: in the working copy of 'file.txt', LF will be replaced by CRLF the next time Git touches it
diff --git a/file.txt b/file.txt
index d00491f..8b13789 100644
--- a/file.txt
+++ b/file.txt
@@ -1 +1 @@
-1
+

saile@LAPTOP-OMF15UU0 MINGW64 ~/katas/git-katas/basic-staging/exercise (master)
$ echo 2>file.txt


saile@LAPTOP-OMF15UU0 MINGW64 ~/katas/git-katas/basic-staging/exercise (master)
$ git diff
diff --git a/file.txt b/file.txt
index d00491f..e69de29 100644
--- a/file.txt
+++ b/file.txt
@@ -1 +0,0 @@
-1

saile@LAPTOP-OMF15UU0 MINGW64 ~/katas/git-katas/basic-staging/exercise (master)
$ git diff --staged

saile@LAPTOP-OMF15UU0 MINGW64 ~/katas/git-katas/basic-staging/exercise (master)
$ git add file.txt

saile@LAPTOP-OMF15UU0 MINGW64 ~/katas/git-katas/basic-staging/exercise (master)
$ git diff

saile@LAPTOP-OMF15UU0 MINGW64 ~/katas/git-katas/basic-staging/exercise (master)
$ git diff --staged
diff --git a/file.txt b/file.txt
index d00491f..e69de29 100644
--- a/file.txt
+++ b/file.txt
@@ -1 +0,0 @@
-1

saile@LAPTOP-OMF15UU0 MINGW64 ~/katas/git-katas/basic-staging/exercise (master)
$ echo 3>file.txt


saile@LAPTOP-OMF15UU0 MINGW64 ~/katas/git-katas/basic-staging/exercise (master)
$ git diff

saile@LAPTOP-OMF15UU0 MINGW64 ~/katas/git-katas/basic-staging/exercise (master)
$ git diff --staged
diff --git a/file.txt b/file.txt
index d00491f..e69de29 100644
--- a/file.txt
+++ b/file.txt
@@ -1 +0,0 @@
-1

saile@LAPTOP-OMF15UU0 MINGW64 ~/katas/git-katas/basic-staging/exercise (master)
$ cat file.txt

saile@LAPTOP-OMF15UU0 MINGW64 ~/katas/git-katas/basic-staging/exercise (master)
$ ls
file.txt

saile@LAPTOP-OMF15UU0 MINGW64 ~/katas/git-katas/basic-staging/exercise (master)
$ echo 1>file.txt

saile@LAPTOP-OMF15UU0 MINGW64 ~/katas/git-katas/basic-staging/exercise (master)
$ cat file.txt


saile@LAPTOP-OMF15UU0 MINGW64 ~/katas/git-katas/basic-staging/exercise (master)
$ echo 1 > file.txt

saile@LAPTOP-OMF15UU0 MINGW64 ~/katas/git-katas/basic-staging/exercise (master)
$ cat file.txt
1

saile@LAPTOP-OMF15UU0 MINGW64 ~/katas/git-katas/basic-staging/exercise (master)
$ echo 2 > file.txt

saile@LAPTOP-OMF15UU0 MINGW64 ~/katas/git-katas/basic-staging/exercise (master)
$ git diff
warning: in the working copy of 'file.txt', LF will be replaced by CRLF the next time Git touches it
diff --git a/file.txt b/file.txt
index e69de29..0cfbf08 100644
--- a/file.txt
+++ b/file.txt
@@ -0,0 +1 @@
+2

saile@LAPTOP-OMF15UU0 MINGW64 ~/katas/git-katas/basic-staging/exercise (master)
$ git diff --staged
diff --git a/file.txt b/file.txt
index d00491f..e69de29 100644
--- a/file.txt
+++ b/file.txt
@@ -1 +0,0 @@
-1

saile@LAPTOP-OMF15UU0 MINGW64 ~/katas/git-katas/basic-staging/exercise (master)
$ git add file.txt
warning: in the working copy of 'file.txt', LF will be replaced by CRLF the next time Git touches it

saile@LAPTOP-OMF15UU0 MINGW64 ~/katas/git-katas/basic-staging/exercise (master)
$ git difff
git: 'difff' is not a git command. See 'git --help'.

The most similar command is
        diff

saile@LAPTOP-OMF15UU0 MINGW64 ~/katas/git-katas/basic-staging/exercise (master)
$ git diff

saile@LAPTOP-OMF15UU0 MINGW64 ~/katas/git-katas/basic-staging/exercise (master)
$ git diff --staged
diff --git a/file.txt b/file.txt
index d00491f..0cfbf08 100644
--- a/file.txt
+++ b/file.txt
@@ -1 +1 @@
-1
+2

saile@LAPTOP-OMF15UU0 MINGW64 ~/katas/git-katas/basic-staging/exercise (master)
$ echo 3 > file.txt

saile@LAPTOP-OMF15UU0 MINGW64 ~/katas/git-katas/basic-staging/exercise (master)
$

saile@LAPTOP-OMF15UU0 MINGW64 ~/katas/git-katas/basic-staging/exercise (master)
$ cat file.txt
3

saile@LAPTOP-OMF15UU0 MINGW64 ~/katas/git-katas/basic-staging/exercise (master)
$ git diff
warning: in the working copy of 'file.txt', LF will be replaced by CRLF the next time Git touches it
diff --git a/file.txt b/file.txt
index 0cfbf08..00750ed 100644
--- a/file.txt
+++ b/file.txt
@@ -1 +1 @@
-2
+3

saile@LAPTOP-OMF15UU0 MINGW64 ~/katas/git-katas/basic-staging/exercise (master)
$ git diff --staged
diff --git a/file.txt b/file.txt
index d00491f..0cfbf08 100644
--- a/file.txt
+++ b/file.txt
@@ -1 +1 @@
-1
+2

saile@LAPTOP-OMF15UU0 MINGW64 ~/katas/git-katas/basic-staging/exercise (master)
$ git status
On branch master
Changes to be committed:
  (use "git restore --staged <file>..." to unstage)
        modified:   file.txt

Changes not staged for commit:
  (use "git add <file>..." to update what will be committed)
  (use "git restore <file>..." to discard changes in working directory)
        modified:   file.txt


saile@LAPTOP-OMF15UU0 MINGW64 ~/katas/git-katas/basic-staging/exercise (master)
$ git restore --staged file.txt

saile@LAPTOP-OMF15UU0 MINGW64 ~/katas/git-katas/basic-staging/exercise (master)
$ git status
On branch master
Changes not staged for commit:
  (use "git add <file>..." to update what will be committed)
  (use "git restore <file>..." to discard changes in working directory)
        modified:   file.txt

no changes added to commit (use "git add" and/or "git commit -a")

saile@LAPTOP-OMF15UU0 MINGW64 ~/katas/git-katas/basic-staging/exercise (master)
$ git add file.txt
warning: in the working copy of 'file.txt', LF will be replaced by CRLF the next time Git touches it

saile@LAPTOP-OMF15UU0 MINGW64 ~/katas/git-katas/basic-staging/exercise (master)
$ git commit
[master d2c4020] committed
 1 file changed, 1 insertion(+), 1 deletion(-)

saile@LAPTOP-OMF15UU0 MINGW64 ~/katas/git-katas/basic-staging/exercise (master)
$ git log
commit d2c402012dfbf85cc06e3d783096d9ac1fefe168 (HEAD -> master)
Author: Shaily <shailendra.sainath@zemosolabs.com>
Date:   Thu Nov 10 10:41:54 2022 +0530

    committed

commit 2477eb623390da9ae3a8ca320749685e6f8f0135
Author: git-katas trainer bot <git-katas@example.com>
Date:   Thu Nov 10 10:31:58 2022 +0530

    1

saile@LAPTOP-OMF15UU0 MINGW64 ~/katas/git-katas/basic-staging/exercise (master)
$ echo 4 > file.txt

saile@LAPTOP-OMF15UU0 MINGW64 ~/katas/git-katas/basic-staging/exercise (master)
$ cat file.txt
4

saile@LAPTOP-OMF15UU0 MINGW64 ~/katas/git-katas/basic-staging/exercise (master)
$ git statua
git: 'statua' is not a git command. See 'git --help'.

The most similar command is
        status

saile@LAPTOP-OMF15UU0 MINGW64 ~/katas/git-katas/basic-staging/exercise (master)
$ git status
On branch master
Changes not staged for commit:
  (use "git add <file>..." to update what will be committed)
  (use "git restore <file>..." to discard changes in working directory)
        modified:   file.txt

no changes added to commit (use "git add" and/or "git commit -a")

saile@LAPTOP-OMF15UU0 MINGW64 ~/katas/git-katas/basic-staging/exercise (master)
$ git restore file.txt

saile@LAPTOP-OMF15UU0 MINGW64 ~/katas/git-katas/basic-staging/exercise (master)
$ cat file.txt
3

saile@LAPTOP-OMF15UU0 MINGW64 ~/katas/git-katas/basic-staging/exercise (master)
$ git status
On branch master
nothing to commit, working tree clean

saile@LAPTOP-OMF15UU0 MINGW64 ~/katas/git-katas/basic-staging/exercise (master)
$
